C51 COMPILER V9.60.0.0   8051_TRIANGULAR_WAVE                                              05/10/2020 18:55:53 PAGE 1   


C51 COMPILER V9.60.0.0, COMPILATION OF MODULE 8051_TRIANGULAR_WAVE
OBJECT MODULE PLACED IN .\Objects\8051_Triangular_wave.obj
COMPILER INVOKED BY: C:\Keil_v5\C51\BIN\C51.EXE 8051_Triangular_wave.c OPTIMIZE(8,SPEED) BROWSE DEBUG OBJECTEXTEND PRINT
                    -(.\Listings\8051_Triangular_wave.lst) TABS(2) OBJECT(.\Objects\8051_Triangular_wave.obj)

line level    source

   1          #include<reg51.h>
   2          void main(void)
   3          {
   4   1        unsigned int z,x;
   5   1        while(1)
   6   1        {
   7   2        for(z=0;z<=255;z++)
   8   2        {
   9   3        P0 = z;
  10   3        for(x=0;x<4000;x++);
  11   3      }
  12   2        for(z=255;z >0;z--)
  13   2        {
  14   3        P0 = z;
  15   3        for(x=0;x<4000;x++);
  16   3      }
  17   2        }
  18   1      }


MODULE INFORMATION:   STATIC OVERLAYABLE
   CODE SIZE        =     68    ----
   CONSTANT SIZE    =   ----    ----
   XDATA SIZE       =   ----    ----
   PDATA SIZE       =   ----    ----
   DATA SIZE        =   ----    ----
   IDATA SIZE       =   ----    ----
   BIT SIZE         =   ----    ----
END OF MODULE INFORMATION.


C51 COMPILATION COMPLETE.  0 WARNING(S),  0 ERROR(S)
